// Jest Snapshot v1, https://goo.gl/fbAQLP

exports[`matches the snapshot 1`] = `
<DocumentFragment>
  <table
    class="Board"
  >
    <tbody>
      <tr>
        <td
          class="Cell Cell-lit"
          data-testid="cell"
          role="button"
        />
        <td
          class="Cell Cell-lit"
          data-testid="cell"
          role="button"
        />
        <td
          class="Cell Cell-lit"
          data-testid="cell"
          role="button"
        />
        <td
          class="Cell Cell-lit"
          data-testid="cell"
          role="button"
        />
        <td
          class="Cell Cell-lit"
          data-testid="cell"
          role="button"
        />
      </tr>
      <tr>
        <td
          class="Cell Cell-lit"
          data-testid="cell"
          role="button"
        />
        <td
          class="Cell Cell-lit"
          data-testid="cell"
          role="button"
        />
        <td
          class="Cell Cell-lit"
          data-testid="cell"
          role="button"
        />
        <td
          class="Cell Cell-lit"
          data-testid="cell"
          role="button"
        />
        <td
          class="Cell Cell-lit"
          data-testid="cell"
          role="button"
        />
      </tr>
      <tr>
        <td
          class="Cell Cell-lit"
          data-testid="cell"
          role="button"
        />
        <td
          class="Cell Cell-lit"
          data-testid="cell"
          role="button"
        />
        <td
          class="Cell Cell-lit"
          data-testid="cell"
          role="button"
        />
        <td
          class="Cell Cell-lit"
          data-testid="cell"
          role="button"
        />
        <td
          class="Cell Cell-lit"
          data-testid="cell"
          role="button"
        />
      </tr>
      <tr>
        <td
          class="Cell Cell-lit"
          data-testid="cell"
          role="button"
        />
        <td
          class="Cell Cell-lit"
          data-testid="cell"
          role="button"
        />
        <td
          class="Cell Cell-lit"
          data-testid="cell"
          role="button"
        />
        <td
          class="Cell Cell-lit"
          data-testid="cell"
          role="button"
        />
        <td
          class="Cell Cell-lit"
          data-testid="cell"
          role="button"
        />
      </tr>
      <tr>
        <td
          class="Cell Cell-lit"
          data-testid="cell"
          role="button"
        />
        <td
          class="Cell Cell-lit"
          data-testid="cell"
          role="button"
        />
        <td
          class="Cell Cell-lit"
          data-testid="cell"
          role="button"
        />
        <td
          class="Cell Cell-lit"
          data-testid="cell"
          role="button"
        />
        <td
          class="Cell Cell-lit"
          data-testid="cell"
          role="button"
        />
      </tr>
    </tbody>
  </table>
</DocumentFragment>
`;
