// Jest Snapshot v1, https://goo.gl/fbAQLP

exports[`matches the snapshot when lit 1`] = `<DocumentFragment />`;

exports[`matches the snapshot when unlit 1`] = `<DocumentFragment />`;
